[html.phoenixcoded.net/light-able/bootstrap/dashboard/index.html]
[backblue.gif]
[fade.gif]
[index.html]
[html.phoenixcoded.net/light-able/bootstrap/assets/css/plugins/jsvectormap.min.css]
[html.phoenixcoded.net/light-able/bootstrap/assets/fonts/phosphor/duotone/style.css]
[html.phoenixcoded.net/light-able/bootstrap/assets/fonts/tabler-icons.min.css]
[html.phoenixcoded.net/light-able/bootstrap/assets/fonts/feather.css]
[html.phoenixcoded.net/light-able/bootstrap/assets/fonts/fontawesome.css]
[html.phoenixcoded.net/light-able/bootstrap/assets/fonts/material.css]
[html.phoenixcoded.net/light-able/bootstrap/assets/css/style.css]
[html.phoenixcoded.net/light-able/bootstrap/assets/css/style-preset.css]
[html.phoenixcoded.net/light-able/bootstrap/dashboard/affiliate.html]
[html.phoenixcoded.net/light-able/bootstrap/dashboard/finance.html]
[html.phoenixcoded.net/light-able/bootstrap/dashboard/invoice.html]
[html.phoenixcoded.net/light-able/bootstrap/assets/images/user/avatar-1.jpg]
[html.phoenixcoded.net/light-able/bootstrap/assets/images/user/avatar-2.jpg]
[html.phoenixcoded.net/light-able/bootstrap/assets/images/user/avatar-3.jpg]
[html.phoenixcoded.net/light-able/bootstrap/assets/images/user/avatar-4.jpg]
[html.phoenixcoded.net/light-able/bootstrap/assets/js/plugins/jsvectormap.min.js]
[html.phoenixcoded.net/light-able/bootstrap/assets/js/plugins/apexcharts.min.js]
[html.phoenixcoded.net/light-able/bootstrap/assets/js/plugins/world.js]
[html.phoenixcoded.net/light-able/bootstrap/assets/js/plugins/world-merc.js]
[html.phoenixcoded.net/light-able/bootstrap/assets/js/pages/dashboard-default.js]
[html.phoenixcoded.net/light-able/bootstrap/assets/js/plugins/popper.min.js]
[html.phoenixcoded.net/light-able/bootstrap/assets/js/plugins/simplebar.min.js]
[html.phoenixcoded.net/light-able/bootstrap/assets/js/plugins/bootstrap.min.js]
[html.phoenixcoded.net/light-able/bootstrap/assets/js/fonts/custom-font.js]
[html.phoenixcoded.net/light-able/bootstrap/assets/js/pcoded.js]
[html.phoenixcoded.net/light-able/bootstrap/dashboard/index.html]
[html.phoenixcoded.net/light-able/bootstrap/assets/css/plugins/jsvectormap.min.css]
[html.phoenixcoded.net/light-able/bootstrap/assets/js/plugins/feather.min.js]
[html.phoenixcoded.net/light-able/bootstrap/assets/fonts/phosphor/duotone/Phosphor-Duotone.woff]
[html.phoenixcoded.net/light-able/bootstrap/assets/fonts/phosphor/duotone/Phosphor-Duotone.ttf]
[html.phoenixcoded.net/light-able/bootstrap/assets/fonts/phosphor/duotone/style.css]
[html.phoenixcoded.net/light-able/bootstrap/assets/fonts/tabler/tabler-icons.eot]
[html.phoenixcoded.net/light-able/bootstrap/assets/fonts/tabler/tabler-iconsd41d.eot]
[html.phoenixcoded.net/light-able/bootstrap/assets/fonts/tabler/tabler-icons.woff]
[html.phoenixcoded.net/light-able/bootstrap/assets/fonts/tabler/tabler-icons.ttf]
[html.phoenixcoded.net/light-able/bootstrap/assets/fonts/tabler-icons.min.css]
[html.phoenixcoded.net/light-able/bootstrap/assets/fonts/feather/feathere8ab.eot]
[html.phoenixcoded.net/light-able/bootstrap/assets/fonts/feather/feathere8ab.woff]
[html.phoenixcoded.net/light-able/bootstrap/assets/fonts/feather/feathere8ab.ttf]
[html.phoenixcoded.net/light-able/bootstrap/assets/fonts/feather.css]
[html.phoenixcoded.net/light-able/bootstrap/assets/fonts/fontawesome/fa-regular-400.eot]
[html.phoenixcoded.net/light-able/bootstrap/assets/fonts/fontawesome/fa-regular-400d41d.eot]
[html.phoenixcoded.net/light-able/bootstrap/assets/fonts/fontawesome/fa-regular-400.woff]
[html.phoenixcoded.net/light-able/bootstrap/assets/fonts/fontawesome/fa-regular-400.ttf]
[html.phoenixcoded.net/light-able/bootstrap/assets/fonts/fontawesome/fa-solid-900.eot]
[html.phoenixcoded.net/light-able/bootstrap/assets/fonts/fontawesome/fa-solid-900d41d.eot]
[html.phoenixcoded.net/light-able/bootstrap/assets/fonts/fontawesome/fa-solid-900.woff]
[html.phoenixcoded.net/light-able/bootstrap/assets/fonts/fontawesome/fa-solid-900.ttf]
[html.phoenixcoded.net/light-able/bootstrap/assets/fonts/fontawesome/fa-brands-400.eot]
[html.phoenixcoded.net/light-able/bootstrap/assets/fonts/fontawesome/fa-brands-400d41d.eot]
[html.phoenixcoded.net/light-able/bootstrap/assets/fonts/fontawesome/fa-brands-400.woff]
[html.phoenixcoded.net/light-able/bootstrap/assets/fonts/fontawesome/fa-brands-400.ttf]
[html.phoenixcoded.net/light-able/bootstrap/assets/fonts/fontawesome.css]
[html.phoenixcoded.net/light-able/bootstrap/assets/fonts/material.css]
[html.phoenixcoded.net/light-able/bootstrap/assets/images/authentication/img-auth-bg.jpg]
[html.phoenixcoded.net/light-able/bootstrap/assets/css/style.css]
[html.phoenixcoded.net/light-able/bootstrap/assets/css/style-preset.css]
[html.phoenixcoded.net/light-able/bootstrap/assets/images/user/avatar-5.jpg]
[html.phoenixcoded.net/light-able/bootstrap/assets/images/user/avatar-6.jpg]
[html.phoenixcoded.net/light-able/bootstrap/assets/images/user/avatar-7.jpg]
[html.phoenixcoded.net/light-able/bootstrap/dashboard/affiliate.html]
[html.phoenixcoded.net/light-able/bootstrap/assets/images/widget/img-food.png]
[html.phoenixcoded.net/light-able/bootstrap/assets/images/widget/img-travel.png]
[html.phoenixcoded.net/light-able/bootstrap/assets/images/widget/img-shoping.png]
[html.phoenixcoded.net/light-able/bootstrap/assets/images/widget/img-helth.png]
[html.phoenixcoded.net/light-able/bootstrap/assets/images/widget/img-card-1.png]
[html.phoenixcoded.net/light-able/bootstrap/assets/images/widget/img-card-2.png]
[html.phoenixcoded.net/light-able/bootstrap/assets/js/pages/dashboard-finance.js]
[html.phoenixcoded.net/light-able/bootstrap/dashboard/finance.html]
[html.phoenixcoded.net/light-able/bootstrap/assets/images/user/avatar-10.jpg]
[html.phoenixcoded.net/light-able/bootstrap/assets/js/pages/invoice-dashboard.js]
[html.phoenixcoded.net/light-able/bootstrap/dashboard/invoice.html]
[html.phoenixcoded.net/light-able/bootstrap/assets/fonts/phosphor/duotone/Phosphor-Duotone.svg]
[html.phoenixcoded.net/light-able/bootstrap/assets/fonts/tabler/tabler-icons.html]
[html.phoenixcoded.net/light-able/bootstrap/assets/fonts/tabler/tabler-icons.svg]
[html.phoenixcoded.net/light-able/bootstrap/assets/fonts/feather/feathere8ab.svg]
[html.phoenixcoded.net/light-able/bootstrap/assets/fonts/fontawesome/fa-regular-400.html]
[html.phoenixcoded.net/light-able/bootstrap/assets/fonts/fontawesome/fa-regular-400.svg]
[html.phoenixcoded.net/light-able/bootstrap/assets/fonts/fontawesome/fa-solid-900.html]
[html.phoenixcoded.net/light-able/bootstrap/assets/fonts/fontawesome/fa-solid-900.svg]
[html.phoenixcoded.net/light-able/bootstrap/assets/fonts/fontawesome/fa-brands-400.html]
[html.phoenixcoded.net/light-able/bootstrap/assets/fonts/fontawesome/fa-brands-400.svg]
[html.phoenixcoded.net/light-able/bootstrap/assets/fonts/material/material.html]
